<?xml version="1.0" encoding="UTF-8"?><d:propfind xmlns:d="DAV:"><d:prop><d:displayname /><d:resourcetype /><cal:calendar-description xmlns:cal="urn:ietf:params:xml:ns:caldav" /><cal:supported-calendar-component-set xmlns:cal="urn:ietf:params:xml:ns:caldav" /><d:getctag /><d:getetag /></d:prop></d:propfind>