<?xml version="1.0" encoding="UTF-8"?><cal:mkcalendar xmlns:cal="urn:ietf:params:xml:ns:caldav"><d:set xmlns:d="DAV:"><d:prop><d:resourcetype><d:collection /><cal:calendar /></d:resourcetype><cal:supported-calendar-component-set><cal:comp name="VEVENT" /><cal:comp name="VJOURNAL" /><cal:comp name="VTODO" /></cal:supported-calendar-component-set><d:displayname>Team Calendar</d:displayname><cal:calendar-description>Shared team calendar</cal:calendar-description></d:prop></d:set></cal:mkcalendar>